
ubuntu@10-13-109-255:~$ sudo docker ps
如果不跟 sudo，直接执行 docker ps 命令会有如下问题：
ubuntu@10-13-109-255:~$ docker ps
FATA[0000] Get http:///var/run/docker.sock/v1.18/containers/json: dial unix /var/run/docker.sock: permission denied. Are you trying to connect to a TLS-enabled daemon without TLS? 

# 免 sudo 使用 docker
第一步：如果还没有 docker group 就添加一个：
sudo groupadd docker
第二步：将用户加入该 group 内。然后退出并重新登录就生效啦。
sudo gpasswd -a ${USER} docker
第三步：重启 docker 服务
sudo service docker restart
第四步：然后退出并重新登录就生效
切换当前会话到新 group 或者重启 X 会话
gswewf@gswewf-pc:/var/run$ newgrp - docker
gswewf@gswewf-pc:~$ docker ps
CONTAINER ID        IMAGE               COMMAND             CREATED             STATUS              PORTS               NAMES

注意，最后一步是必须的，否则因为 groups 命令获取到的是缓存的组信息，刚添加的组信息未能生效，所以 docker images 执行时同样有错。

# docker服务未启动报错：
ubuntu@10-13-109-255:~/docker$ docker images 
Cannot connect to the Docker daemon at unix:///var/run/docker.sock. Is the docker daemon running?
这个时候启动docker服务即可：
root@10-13-109-255:~# /usr/local/bin/dockerd &
或者：
systemctl start docker # 启动docker
systemctl restart docker # 重启dokcer
systemctl enable docker # 开机自动启动docker

# 监测容器：
gswewf@gswewf-pc:~$ sudo pip3 install ctop

在一下旧的版本中导入时可能出错：
gswewf@gswewf-pc:~/docker/ubuntu$ docker export ca4b1acbe79b > ubuntu0717-export.tar
ubuntu@10-13-158-31:~/docker/ubuntu$ sudo docker import ubuntu0717-export.tar ubuntu:0717
Downloading from http://ubuntu0717-export.tar
FATA[0001] Get http://ubuntu0717-export.tar: dial tcp: lookup ubuntu0717-export.tar: no such host 
# 这个时候改用下面的方法导入即可：
ubuntu@10-13-158-31:~/docker/ubuntu$ cat ubuntu0717-export.tar | sudo docker import - ubuntu:0717
16a079ae5a08c141a3e710a987259a3cd633f206de226430a46d9ef4e4ddf023

# 重启之前的一个容器报错：
gswewf@gswewf-pc:~/docker/neo4j/nwd$ sudo docker start nwd27474
Error response from daemon: driver failed programming external connectivity on endpoint nwd27474 (aecc9f558db95cf92ebd496f382ab1608c62e422e8022ebf288ae0b350068557):  (iptables failed: iptables --wait -t filter -A DOCKER ! -i docker0 -o docker0 -p tcp -d 172.17.0.4 --dport 7687 -j ACCEPT: iptables: No chain/target/match by that name.
 (exit status 1))
# 解决方法，重启docker服务即可
gswewf@gswewf-pc:~$ sudo systemctl restart docker

# 修改docker容器时间：
确认宿主机时间对否；在宿主机时间正确情况下可以：
1、重新启动一个容器，加上如下参数，即可使用宿主机时间
$ docker run -i -t --restart=always --detach --name=dbang18100 -p 18100:8000 --volume=$PWD:/dbang  -v /etc/localtime:/etc/localtime ubuntu:0717 /bin/bash
2、假如，你不想重新启动，或者不能重新启动，也没关系，可以直接把文件复制到容器内，如下
$ docker cp /etc/localtime [containerId]:/etc/localtime
# 若宿主机时区不对，可以：
sudo cp /usr/share/zoneinfo/Asia/Shanghai /etc/localtime

ubuntu@ip-172-33-14-6:~$ docker cp /etc/localtime shanglishi18010:/etc/localtime
FATA[0000] Error: Path not specified
ubuntu@ip-172-33-14-6:~$ docker -v
Docker version 1.6.2, build 7c8fca2
版本1.6.2不允许从主机复制到容器，您需要升级到至少1.8的支持。

# pull镜像速度慢，报错：
Error response from daemon: Get https://registry-1.docker.io/v2/: net/http: request canceled while waiting for connection (Client.Timeout exceeded while awaiting headers)
可在 https://www.daocloud.io 注册账号 使用Docker 加速器；

swabcd@gswewf-pc:~/hello-world/docker$ curl -sSL https://get.daocloud.io/daotools/set_mirror.sh | sh -s http://7d466737.m.daocloud.io
Error: Unsupported OS, please set registry-mirror manually.

修改Docker配置文件/etc/default/docker如下：

DOCKER_OPTS="--registry-mirror=http://aad0405c.m.daocloud.io"
使用service docker restart重启Docker服务即可。

curl -sSL https://get.daocloud.io/daotools/set_mirror.sh | sh -s http://7d466737.m.daocloud.io Copy
该脚本可以将 --registry-mirror 加入到你的 Docker 配置文件 /etc/docker/daemon.json 中。适用于 Ubuntu14.04、Debian、CentOS6 、CentOS7、Fedora、Arch Linux、openSUSE Leap 42.1，其他版本可能有细微不同。更多详情请访问文档。

Docker For Windows
在桌面右下角状态栏中右键 docker 图标，修改在 Docker Daemon 标签页中的 json ，把下面的地址:
http://7d466737.m.daocloud.io Copy
加到"registry-mirrors"的数组里。点击 Apply 。

# 有时候拉取镜像时识别，可能对应的tag不是`latest`，
可以在类似`https://hub.docker.com/r/mobz/elasticsearch-head/tags/`查看tags是多少：
gswewf@gswewf-pc:~$ docker pull mobz/elasticsearch-head
Using default tag: latest
Error response from daemon: manifest for mobz/elasticsearch-head:latest not found
gswewf@gswewf-pc:~$ docker pull mobz/elasticsearch-head:5-alpine


# 导入镜像出错：
ubuntu@ip-172-33-8-214:/data/docker/ubuntu$ cat ubuntu0915-export.tar |sudo docker import - ubuntu:0915
FATA[0037] Error response from daemon: ApplyLayer exit status 1 stdout:  stderr: write /usr/lib/gcc/x86_64-linux-gnu/5/lto1: read-only file system

请确保Docker容器中有足够的可用磁盘空间，通常是/var/lib/docker/graph。
通过下命令，可以查询docker 镜像仓库默认保存的路径地址：
$ docker info | grep "Docker Root Dir"
 Docker Root Dir: /var/lib/docker
如果您的/var空间有限，您可以通过指定-g选项来更改docker根位置
-g，--graph =“/var/lib/docker”
OPTIONS="-g /data/docker -H unix:///var/run/docker.sock -H 0.0.0.0:4243 --selinux-enabled"
用作Docker运行时根目录的路径
$ sudo vim /etc/default/docker
添加如下内容：
DOCKER_OPTS="--graph /home/gswyhq/docker/data"
并且需要修改/lib/systemd/system/docker.service：
gswyhq@gswyhq-PC:~/docker/data$ sudo vim /lib/systemd/system/docker.service 
# 添加下面两行内容：
EnvironmentFile=-/etc/default/docker                                       
ExecStart=/usr/bin/dockerd $DOCKER_OPTS -H fd:// --containerd=/run/containerd/containerd.sock    
# ExecStart=/usr/bin/dockerd -H fd:// --containerd=/run/containerd/containerd.sock
# 重启docker
gswyhq@gswyhq-PC:~$ sudo systemctl daemon-reload  
gswyhq@gswyhq-PC:~$ sudo service docker restart
gswyhq@gswyhq-PC:~$ docker info |grep -i root
 Docker Root Dir: /home/gswyhq/docker/data

# 删除容器异常：
ubuntu@ip-172-33-8-214:/data/docker/ubuntu$ docker rm -v b06e71597f91
Error response from daemon: Cannot destroy container b06e71597f91: Driver devicemapper failed to remove root filesystem b06e71597f91207bfc4968ef0c258a6accfcf4eee1e057d9d590eeb1a7e11cb4: Error running DeleteDevice dm_task_run failed
FATA[0000] Error: failed to remove one or more containers 
# 添加-f参数强制删除
ubuntu@ip-172-33-8-214:/data/docker/ubuntu$ docker rm -f b06e71597f91
b06e71597f91

使用docker运行容器时出错，
Error response from daemon: Error running DeviceCreate (createSnapDevice) dm_task_run failed

方法1：
ubuntu@ip-172-33-8-214:/data/docker/ubuntu$ sudo service docker stop
ubuntu@ip-172-33-8-214:/data/docker/ubuntu$ sudo thin_check /var/lib/docker/devicemapper/devicemapper/metadata
若 thin_check 没安装，则通过下面的方法安装：
ubuntu@ip-172-33-8-214:/data/docker/ubuntu$ sudo apt-get install thin-provisioning-tools
ubuntu@ip-172-33-8-214:/data/docker/ubuntu$ sudo service docker start

方法2：
# systemctl stop docker.service 
# mv /var/lib/docker/ /var/lib/docker.backup
# systemctl start docker.service
上述方法均无效后，直接卸载重装。

# 删除容器出错：
ubuntu@ip-172-33-11-15:~/zhongan_neo4j$ docker rm -v zhongan_neo4j_18000 
Error response from daemon: Driver aufs failed to remove root filesystem aa7595e846a9754f8c0bdd084b0e91429a58ce87f24f2646970421e049dea061: rename /var/lib/docker/aufs/mnt/f788ac88a12ffd733b2d03f494d32c8059dc8632812d5e4acc91d6a8c0b74b20 /var/lib/docker/aufs/mnt/f788ac88a12ffd733b2d03f494d32c8059dc8632812d5e4acc91d6a8c0b74b20-removing: device or resource busy
# 解决方法，使用 umount -l 解除占用即可：
ubuntu@ip-172-33-11-15:~/zhongan_neo4j$ sudo umount -l /var/lib/docker/aufs/mnt/f788ac88a12ffd733b2d03f494d32c8059dc8632812d5e4acc91d6a8c0b74b20

gswewf@gswewf-pc:~$ sudo apt-get install docker.io
正在读取软件包列表... 完成
正在分析软件包的依赖关系树
正在读取状态信息... 完成
E: 无法定位软件包 docker.io
E: 无法按照 glob ‘docker.io’ 找到任何软件包
E: 无法按照正则表达式 docker.io 找到任何软件包

更改配置软件源：
gswewf@gswewf-pc:~$ sudo vim /etc/apt/sources.list
deb [by-hash=force] http://mirrors.aliyun.com/deepin unstable main contrib non-free
# deb [by-hash=force] http://packages.deepin.com/deepin unstable main contrib non-free
# deb-src http://packages.deepin.com/deepin unstable main contrib non-free

gswewf@gswewf-pc:~$ sudo apt-get update
gswewf@gswewf-pc:~$ sudo apt-get install docker.io

# 容器内不能输入中文，中文乱码等(可以在启动容器时就设置好，或者在进入容器时设置环境变量LANG)：
方法1：进入容器时，命令改为：
gswewf@gswewf-PC:~/docker/mongo$ docker exec -it some-mongo env LANG=C.UTF-8 /bin/bash
方法2:启动容器时： docker run --rm -it -e LANG=C.UTF-8 some-mongo /bin/bash

注意：不能输入中文时，在容器内部设置`export LANG="C.UTF-8"`是无效果的，仍旧不能输入中文，需要退出容器，在用`方法1`进入容器

远程执行docker命令：
ssh ubuntu@42.93.171.44 docker exec -it multiple_projects_neo4j_1111118855 /var/lib/neo4j/bin/neo4j-shell -file /var/lib/neo4j/data/all.cypher
报错：docker the input device is not a TTY
解决方法很简单，只需要去掉上面的命令中的-it 即可．
ssh ubuntu@42.93.171.44 docker exec multiple_projects_neo4j_1111118855 /var/lib/neo4j/bin/neo4j-shell -file /var/lib/neo4j/data/all.cypher

关于Sending build context to Docker daemon 数据很大的问题
以往进行docker build的时候都是在新建的文件夹下面进行，这次为了图方便，就直接放在开发根目录下进行build，这样子问题就来了。于是就有了下面的文件大小发送量：
Sending build context to Docker daemon 4.309 GB
第一反应就是是不是当前目录都给发送过去了。查了下，果然是的，发现在Docker client会发送Dockerfile同级目录下的所有文件到Dockerdaemon。
解决的方式就是之前第一句话说的，在一个新的文件夹中进行build这样子问题就不存在了，当然这样子会比较简洁，但是有时候脑袋就是这么直，我就是想要在根目录进行呢。这个时候该怎么办呢？—— .dockerignore 。
没错了，在Dockerfile同级目录下添加一个 .dockerignore 文件。
在 .dockerignore 中添加需要忽略的文件或者文件夹即可。于是在添加之后：
Sending build context to Docker daemon 679.9 kB
看到这个数据量整个人都舒服了。

问题说明
docker的python容器中执行print(‘测试’)，常见的错误提示，在宿主机不会出现
UnicodeEncodeError: 'ascii' codec can't encode characters in position 0-127: ordinal not in range(128)
或者有时候，用 "docker run my_ubuntu /project/start.sh", 启动一个Python服务启动不了，
但用"docker run my_ubuntu /bin/bash" 启动容器后，再执行"/project/start.sh"却可以正常运行；输出对应的日志，也是因为编码不正常所致。
问题分析
原因是因为locale 的设置导致 shell 的stdin/stdout/stderr 的默认编码为ascii，当用ascii编码去解释python3默认unicode编码的时候，自然会有问题
解决方法：
locale -a查看容器所有语言环境
root@1d0ff322167f:/project# locale -a
C
C.UTF-8
POSIX
zh_CN
zh_CN.gb2312
zh_CN.utf8
zh_HK.utf8
zh_SG.utf8
zh_TW.utf8
只需要把容器编码设置为可以支持中文的编码即可
# docker run 方式
docker run -e LANG=zh_CN.utf8  m_container:latest my-python3
# docker-compose 方式
 environment:
      - LANG=zh_CN.utf8

# 另外也有可能是python的编码不对，通过设置环境参数`PYTHONIOENCODING`来解决：
docker run --rm -it --name my_rhel2 -e LANG=C.UTF-8 -e PYTHONIOENCODING=UTF-8 rhel7.4-base:0.3 /bin/bash

# 如何避免Docker容器启动脚本运行后自动退出
（1）容器中运行多个守护进程时，前面的进程要用后台方式运行（或添加 &），否则后面的服务无法启动
（2）容器中最后一个守护进程一定要用前台方式运行，否则start.sh退出，容器退出，所有的服务就白启动了

有时候避免自动退出可以使用交互模式；比如最后执行的命令是‘/bin/bash’或者‘/usr/bin/python3’
docker run -it ***
或者在“docker-compose.yml”文件中设置： tty: true

# 使用supervisord遇到的问题：
通过docker run -d 方式启动容器报“Unlinking stale socket /tmp/supervisor.sock”错误，而通过docker run -it 启动后手动执行  /usr/bin/supervisord -c /etc/supervisor.conf则没问题
解决：
将Dockerfile中的CMD  ["/usr/bin/supervisord", "-c", "/etc/supervisord.conf"] 修改成ENTRYPOINT ["/usr/bin/supervisord", "-n", "-c", "/etc/supervisord.conf"] 重新生成镜像，用该镜像启动容器docker run -d即可，问题解决。

有时候出现错误：
”Got permission denied while trying to connect to the Docker daemon socket at unix:///var/run/docker.sock: Get http://%2Fvar%2Frun%2Fdocker.sock/v1.26/images/json: dial unix /var/run/docker.sock: connect: permission denied“
问题原因：
docker进程使用Unix Socket而不是TCP端口。而默认情况下，Unix socket属于root用户，需要root权限才能访问。
解决方法1
使用sudo获取管理员权限，运行docker命令
解决方法2
docker守护进程启动的时候，会默认赋予名字为docker的用户组读写Unix socket的权限，因此只要创建docker用户组，并将当前用户加入到docker用户组中，那么当前用户就有权限访问Unix socket了，进而也就可以执行docker相关命令
sudo groupadd docker     #添加docker用户组
sudo gpasswd -a $USER docker     #将登陆用户加入到docker用户组中
newgrp docker     #更新用户组
docker ps    #测试docker命令是否可以使用sudo正常使用

异常：docker could not find an available, non-overlapping IPv4 address pool among the defaults to assign to the network
原因： 无法进行网络分配了
解决方法：
// 所有的网络
docker network ls 
//  删除不用的，腾出多余的
docker network rm <networkname>

# docker打包好的镜像，在有些机器上运行出错：
 Illegal instruction (core dumped)
illegal instruction，即SIGILL， 是POSIX标准中提供的一类错误。 从名字上看，SIGILL是启动的某个进程中的某一句不能被CPU识别成正确的指令。 此类错误是由操作系统发送给进程的，在进程试图执行一些形式错误、未知或者特权指令时操作系统会使用SIGILL信号终止程序。果然如名字一样，非法指令。那么，在什么情况下会出现这种错误呢，一般来说，有两种可能，一是将数据错误地写进了代码段，导致将本不是指令的数据当成指令去执行；第二种可能是编译时指定的CPU架构与实际运行的机器不一致。这里主要讲讲第二种。
由于CPU架构的演进，CPU指令集一直在不断地拓展，SSE、SSE2、SSE3、SSE42、AVX、AVX2等。不同的CPU能支持的指令集是不一样的，如果编译程序时指定了使用新的CPU架构进行编译，则该程序在老的CPU上运行时，其指令就不能被执行，从而引发Illegal instruction错误。查阅gcc资料，gcc是提供了一个march编译选项来指定所使用的CPU架构的。如果不清楚自己的CPU类型，可以使用gcc -c -Q -march=native --help=target | grep march来查看：
gswabcd@gswabcd-PC:~$ gcc -c -Q -march=native --help=target | grep march
  -march=                     		skylake
如果在编译时指定了-march参数，gcc将不会再用兼容的指令去编译，而是根据指定的CPU架构，采用其特定的指令集如AVX去生成二进制代码。因此，当你确定所编译的程序只会在特定的环境中运行时，可以使用-march参数来指定CPU架构，这样编译器就可以根据你的CPU架构进行指令上的优化，而这个指定带来的结果就是，如果你将程序放在其他机器上运行，有可能得到Illegal instruction的运行错误。
# https://www.cnblogs.com/yutongqing/p/6823385.html
# https://www.v2ex.com/t/174625

异常：
abcd@ubuntu-GPU:~/baoxian$ docker-compose -f docker-compose.yml up -d
Creating network "zybaoxian_mynet" with driver "bridge"
ERROR: could not find an available, non-overlapping IPv4 address pool among the defaults to assign to the network
abcd@ubuntu-GPU:~/baoxian$ vim docker-compose.yml
分析：docker可能处于最大的创建网络。该命令docker network prune可用于删除至少一个容器未使用的所有网络。
或者是因为openvpn问题； 可以通过service openvpn stop 解决这个问题。
abcd@ubuntu-GPU:~/baoxian$ docker network prune
WARNING! This will remove all networks not used by at least one container.
Are you sure you want to continue? [y/N] y
Deleted Networks:
haiyinpoc_mynet
tianfengimage_mynet

问题：
yhq@ubuntu-GPU:~/hqrs_poc$ docker-compose -f docker-compose.yml up -d
Creating network "hqrs_poc_mynet" with driver "bridge"
ERROR: could not find an available, non-overlapping IPv4 address pool among the defaults to assign to the network
原因：网络不能超过30个；
 docker network ls | wc -l 不能超过30 个
可以通过 docker network rm esservice_mynet 来删除无用网络（这里是删除网络 esservice_mynet）

当然也可以采用另一种方式，将所有的项目加入到同一个自定义网络当中以节省自定义网络的数量
每台机器上执行:
docker network create xxx-network
docker-compose 文件中写入如下内容

version: '3'
​
services:
  app:
    build: ./app
    networks:
      - xxx-network
networks:
  xxx-network:
    external: true

删除网络时候，有时候报错：
yhq@ubuntu-GPU:~$ docker network rm multiple_baoxian_projects_mynet
Error response from daemon: network multiple_baoxian_projects_mynet id 2028ee973ab62e918a4f3c77aa5c2f3e8236d315092a97cbbbb5f13068811a44 has active endpoints
此时可用docker inspect 2028ee973ab62e91(上述提示中的该网络的id)来检查该网络下活动的endpointsFailed。


在 Docker 中删除 image 时有时会遇到类似
Error response from daemon: conflict: unable to delete 6ec9a5a0fc9f (cannot be forced) - image has dependent child images
这样的错误，原因是有另外的 image FROM 了这个 image，可以使用下面的命令列出所有在指定 image 之后创建的 image 的父 image
docker image inspect --format='{{.RepoTags}} {{.Id}} {{.Parent}}' $(docker image ls -q --filter since=xxxxxx)
其中 xxxxxx 是报错 image 的 id，在文章开头的例子中就是 6ec9a5a0fc9f。从列表中查找到之后就可以核对并删除这些 image。

# 宿主机的目录挂载到了docker容器内，在容器内修改了，在宿主机上无权限修改：
zhang@ubuntu-GPU:~/bi-lstm-crf$ head nohup.out
head: cannot open 'nohup.out' for reading: Permission denied
zhang@ubuntu-GPU:~/bi-lstm-crf$ ls -al
total 3468504
drwxrwxr-x 12 zhang  zhang     2117632 Apr  3 09:04 .
drwxr-xr-x 15 zhang  zhang        4096 Apr  1 09:07 ..
-rw-r--r--  1 root root  302717562 Apr  2 21:26 2014_processed
-rw-r--r--  1 root root  813491744 Apr  2 21:30 2014_processed.h5
-rw-------  1 root root      26575 Apr  3 09:04 nohup.out
解决方法：
1、在宿主机挂载目录中新建一个临时文件。
zhang@ubuntu-GPU:~/bi-lstm-crf$ vim abcd.txt
2、进入容器，查看新建临时文件的用户及组；
zhang@ubuntu-GPU:~/bi-lstm-crf$ docker exec -it my_bi_lstm_crf /bin/bash
root@ca2a9588f057:/bi-lstm-crf$ ls -al
total 3468508
drwxrwxr-x 12 zhang  1009    2117632 Apr  3 01:16 .
drwxr-xr-x  1 root root       4096 Apr  2 13:22 ..
-rw-rw-r--  1 1009 1009          4 Apr  3 01:16 abcd.txt
3、在容器内修改用户及组
root@ca2a9588f057:/bi-lstm-crf$ chown -R 1009:1009 /bi-lstm-crf
4、退出容器，查看宿主机上的用户及组：
root@ca2a9588f057:/bi-lstm-crf$ exit
zhang@ubuntu-GPU:~/bi-lstm-crf$ ls -al
total 3468508
drwxrwxr-x 12 zhang zhang    2117632 Apr  3 09:16 .
drwxr-xr-x 15 zhang zhang       4096 Apr  1 09:07 ..
-rw-r--r--  1 zhang zhang  302717562 Apr  2 21:26 2014_processed
-rw-r--r--  1 zhang zhang  813491744 Apr  2 21:30 2014_processed.h5
-rw-rw-r--  1 zhang zhang          4 Apr  3 09:16 abcd.txt
-rw-------  1 zhang zhang      26575 Apr  3 09:04 nohup.out

问题：
docker容器内终端不能全屏,窗口最大化
解决docker终端宽度、高度显示不正确
解决方案，设置COLUMNS和LINES环境变量：
docker exec -it --env COLUMNS=`tput cols` --env LINES=`tput lines` your_container_name /bin/bash
也可以在容器内的 ~/.bashrc 文件末尾添加如下内容，这样就不需要每次进入容器都需要重新设置；
# export COLUMNS=`tput cols`
export COLUMNS=213
export LINES=`tput lines`
export LINES=27

删除容器出现错误：
gswyhq@gswyhq-PC:~$ docker rmi bf12b323f7b6
Error response from daemon: conflict: unable to delete bf12b323f7b6 (cannot be forced) - image has dependent child images
解决方案，先查询对应的依赖，删除对应依赖之后，再删除对应镜像：
gswyhq@gswyhq-PC:~$ docker image inspect --format='{{.RepoTags}} {{.Id}} {{.Parent}}' $(docker image ls -q --filter since=bf12b323f7b6)|grep bf12b323f7b6

docker exec 执行命令报错：
y@ubuntu-133:~$ docker exec three_tuple_all_50_schemas_neo4j_7476 /bin/bash "echo abcd"
/bin/bash: echo abcd: No such file or directory
解决方案，在命令后面加上-c 参数即可：
y@ubuntu-133:~$ docker exec three_tuple_all_50_schemas_neo4j_7476 /bin/bash -c "echo abcd"
abcd

[root@iasdfa ~]#nvidia-docker run -it -d --name py3_1_tf2 --restart=always -v /root/common_sense_qa:/notebooks/common_sense_qa -e LANG=C.UTF-8 -p 1635:8888 -p 1636:8889 -p 1637:8890 py3_1_tf2_20191113_2033
docker: Error response from daemon: Unknown runtime specified nvidia.
解决方案：
sudo systemctl daemon-reload
sudo systemctl restart docker

docker push ***时报错：
Error response from daemon: Get https://registry-1.docker.io/v2/: dial tcp: lookup registry-1.docker.io on 223.5.5.5:53: server misbehaving
解决方案：
docker logout
docker login
输入用户名，密码；若网络不好，过一会儿再重复上面两步，直到登录成功，再
docker push *** 即可

# pull镜像报错：
gswyhq@gswyhq-PC:~/hello-world/docker$ docker pull ubuntu:18.04
18.04: Pulling from library/ubuntu
e7ae86ffe2df: Pulling fs layer 
error pulling image configuration: Get "https://registry-1.docker.io/v2/library/ubuntu/blobs/sha256:fbf60236a8e3dd08a08966064a8ac9f3943ecbffa6ae2ad9bc455974b956412c": read tcp 192.168.0.105:45214->34.231.251.252:443: read: connection reset by peer
# 解决方法，设置国内镜像源：
1，新建文件
$ sudo vim /etc/docker/daemon.json
添加如下内容：
{
  "registry-mirrors": ["http://hub-mirror.c.163.com"]
}
$ systemctl daemon-reload
$ systemctl restart docker

# docker没有自动补全功能：
解决方法：
1，sudo apt-get install -y bash-completion
2，source /usr/share/bash-completion/completions/docker
若需要永久解决，则需要讲命令2，添加到 ~/.bashrc 文件中。

