
1、解压rar文件
sudo apt-get install unrar
gswewf@gswewf-pc:~/input$ unrar x graph.v205.db.rar
解压到当前目录：unrar e update.rar
# 参数 e 表示解压到当前目录．
解压到指定目录：unrar x update.rar update/
# 参数 x 表示解压到绝对路径．

2、压缩为rar文件
sudo apt-get install rar
将 20170223.pdf 压缩成：20170223.rar
gswewf@gswewf-pc:~/doc$ rar a 20170223.rar 20170223.pdf

3、解压zip文件
sudo apt-get install unzip
unzip [参数] <压缩文件> [压缩包中将被释放的文件]
解压到当前目录
gswewf@gswewf-pc:~/doc$ unzip API使用文档20170223.zip 
解压到指定目录：
gswewf@gswewf-pc:~/Downloads$ unzip demo20170315.zip -d demo20170315

解压zip压缩包文件
    -P <密码> zip压缩包的密码
    -d <路径> 指定解压路径
    -n 解压缩时不覆盖原有文件
    -f 覆盖原有文件
    -o 不经询问，直接覆盖原有文件
    -u 覆盖原有文件，并将压缩文件中的其他文件解压缩到目录中
    -l 显示压缩文件内所包含的文件
    -t 检查压缩文件是否正确
    -z 显示压缩包注释
    -Z unzip -Z等于执行zipinfo指令
    -j 不处理压缩文件中原有的目录路径
    -C 压缩文件中的文件名称区分大小写
    -L 将压缩文件中的全部文件名改为小写
    -s 将文件名中的空格转换下划线
    -X 解压缩时保留文件原来的UID/GID
    -q 执行时不显示任何信息
    -v 执行是时显示详细的信息
    -c 将解压缩的结果显示到屏幕上，并对字符做适当的转换
    -p 与-c参数类似，会将解压缩的结果显示到屏幕上，但不会执行任何的转换
    -a 对文本文件进行必要的字符转换
    -b 不要对文本文件进行字符转换
    -x <表达式> 处理里排除压缩包中的指定文件
    -M 将输出结果送到more程序处理

4、压缩为zip文件
sudo apt-get install zip
zip [参数] <压缩包> <源文件>
将目录或文件“__MACOSX”压缩为：  __MACOSX.zip
gswewf@gswewf-pc:~/doc$ zip __MACOSX.zip __MACOSX
若缺失了r参数则仅仅压缩当前目录，而不包括目录内的子文件及子目录
gswewf@gswewf-pc:~$ zip -r demo20170315.zip chat_bot_demo

# zip -P 123456 test.zip test.txt
-P 123456 是加密密码
test.zip 是生成的压缩文件
test.txt 是被压缩的文件

使用zip格式打包文件
    -r 递归，将指定目录下的所有文件和子目录一并处理
    -S 包含系统和隐藏文件
    -y 直接保存符号连接，而非该连接所指向的文件
    -X 不保存额外的文件属性
    -m 将文件压缩并加入压缩文件后，删除源文件
    -<压缩级别> 1~9，数字越大，压缩率越高
    -F 尝试修复已损坏的压缩文件
    -T 检查备份文件内的每个文件是否正确无误
    -q 不显示指令执行过程
    -g 将文件压缩后附加在既有的压缩文件之后，而非另行建立新的压缩文件
    -u 更新压缩包内文件
    -f 更新压缩包内文件。如果符合条件的文件没有包含在压缩包中，则压缩后添加
    -$ 保存第一个被压缩文件所在磁盘的卷标
    -j 只保存文件名称及其内容
    -D 压缩文件内不建立目录名称
    -i <表达式> 压缩目录时，只压缩符合条件的文件
    -x <表达式> 排除符合条件的文件
    -n <文件名后缀> 排除指定文件名后缀的文件
    -b <缓存路径> 指定临时文件目录
    -d <表达式> 从压缩文件内删除指定的文件
    -t <日期时间> 把压缩文件的日期设成指定的日期
    -o 以压缩文件内拥有最新更改时间的文件为准，将压缩文件的更改时间设成和该文件相同
    -A 调整可执行的自动解压缩文件
    -c 替每个被压缩的文件加上注释
    -z 替压缩文件加上注释
    -k 使用MS-DOS兼容格式的文件名称。
    -l 压缩文件时，把LF字符置换成LF+CR字符。
    -ll 压缩文件时，把LF+CR字符置换成LF字符。

5、解压出现乱码
在ubuntu中如果解压zip包出现中文乱码，
可以 sudo apt-get install unar 安装unar(注意不是unrar)这个软件，然后 unar xxx.zip
或者 unar -e GB18030 xxx.zip 即可！
unar默认是解压到当前文件夹，也可以解压到指定文件夹：
gswewf@gswewf-pc:~$ unar 成语故事全集1-50集.zip -o chengyu
解压到指定文件夹‘chengyu’

在ubuntu中如果解压zip包出现中文乱码，可以 sudo apt-get install unar 安装unar(注意不是unrar)这个软件，然后 unar xxx.zip或者 unar -e GB18030 xxx.zip 即可！

# 批量解压（将当前目录下面的zip文件解压到目录`/home/gswewf/下载`中）：
gswewf@gswewf-pc:/media/gswewf/B898E1E298E19F5E/$ ls *.zip |xargs -n1 unar -e GB18030 -o /home/gswewf/下载/
# 其中这里的-n1是数字的1，不是字母l。
这个xagrs的-n1参数是什么意思呢？
n1应该是指每次只传递一个参数给args命令；如下脚本对比，非常能说明问题：
echo "1 2 3 4"|xargs -n1
1
2
3
4
echo "1 2 3 4"|xargs -n2
1 2
3 4

这样，若加n1参数，则*.tar.gz会拆成每个tar.gz文件后，一个一个传给tar tvfz命令

6、tar解压到指定目录
gswewf@gswewf-pc:~/yhb$ tar -xzvf /home/gswewf/Downloads/jar.tar.gz -C /home/gswewf/yhb/jar
gswewf@gswewf-pc:~/gow69/shell$ tar -xzvf 360热点.tar.gz #将当前目录下面的压缩包“360热点.tar.gz"解压到当前目录中。
tar -zxvf japan.tar.gz -C /tmp/ 解压到指定目录 /tmp/
tar -xf 360热点.tar ##将压缩文件“360热点.tar”解压到同目录下的“360热点”文件夹中，其目录结构不变

在ubuntu下解压.tar.gz文件时，出现了：
  gzip: stdin: not in gzip format
  tar: Child returned status 1
  tar: Error exit delayed from previous errors 
解决办法：
 tar -xf  filename.tar.gz
或者tar -xvf filename.tar.gz
都能够解压成功。

下面是选项的含义：
bz2格式用j
gz格式用z
c是创建
x是解压缩
v是详细信息
f是指定文件

7、压缩成tar.gz文件
gswewf@gswewf-pc:~/服务器上的文件$ tar -czvf /home/gswewf/服务器上的文件/360热点.tar.gz 360热点/  #将当前目录下的“360热点”文件夹 压缩成‘/home/gswewf/服务器上的文件/360热点.tar.gz’

8、7z解压缩
7z x 360热点.7z  #将压缩文件“360热点.7z”解压到同目录下的“360热点”文件夹中，其目录结构不变
7z e 360热点.7z  #将压缩文件“360热点.7z”中的所有目录及文件，解压到同目录下的文件夹中。

9、gzip解压缩
压缩：gzip filename
解压：gunzip filename.gz
默认情况下，解压缩都不保留源文件，若需要保留源文件，需要用-c参数；
-c或--stdout或--to-stdout：把解压后的文件输出到标准输出设备。 

压缩保留源文件的方法： 
gzip –c filename > filename.gz 
解压缩保留源文件的方法： 
gunzip –c filename.gz > filename 

