
1、解压rar文件
sudo apt-get install unrar
gswewf@gswewf-pc:~/input$ unrar x graph.v205.db.rar
解压到当前目录：unrar e update.rar
# 参数 e 表示解压到当前目录．
解压到指定目录：unrar x update.rar update/
# 参数 x 表示解压到绝对路径．

2、压缩为rar文件
sudo apt-get install rar
将 20170223.pdf 压缩成：20170223.rar
gswewf@gswewf-pc:~/doc$ rar a 20170223.rar 20170223.pdf

3、解压zip文件
sudo apt-get install unzip
unzip [参数] <压缩文件> [压缩包中将被释放的文件]
解压到当前目录
gswewf@gswewf-pc:~/doc$ unzip API使用文档20170223.zip 
解压到指定目录：
gswewf@gswewf-pc:~/Downloads$ unzip demo20170315.zip -d demo20170315

解压zip压缩包文件
    -P <密码> zip压缩包的密码
    -d <路径> 指定解压路径
    -n 解压缩时不覆盖原有文件
    -f 覆盖原有文件
    -o 不经询问，直接覆盖原有文件
    -u 覆盖原有文件，并将压缩文件中的其他文件解压缩到目录中
    -l 显示压缩文件内所包含的文件
    -t 检查压缩文件是否正确
    -z 显示压缩包注释
    -Z unzip -Z等于执行zipinfo指令
    -j 不处理压缩文件中原有的目录路径
    -C 压缩文件中的文件名称区分大小写
    -L 将压缩文件中的全部文件名改为小写
    -s 将文件名中的空格转换下划线
    -X 解压缩时保留文件原来的UID/GID
    -q 执行时不显示任何信息
    -v 执行是时显示详细的信息
    -c 将解压缩的结果显示到屏幕上，并对字符做适当的转换
    -p 与-c参数类似，会将解压缩的结果显示到屏幕上，但不会执行任何的转换
    -a 对文本文件进行必要的字符转换
    -b 不要对文本文件进行字符转换
    -x <表达式> 处理里排除压缩包中的指定文件
    -M 将输出结果送到more程序处理

4、压缩为zip文件
sudo apt-get install zip
zip [参数] <压缩包> <源文件>
将目录或文件“__MACOSX”压缩为：  __MACOSX.zip
gswewf@gswewf-pc:~/doc$ zip -r __MACOSX.zip __MACOSX
若缺失了r参数则仅仅压缩当前目录，而不包括目录内的子文件及子目录
gswewf@gswewf-pc:~$ zip -r demo20170315.zip chat_bot_demo
需要注意的是，若将压缩命令写成：
zip -r hello-world.zip hello-world/*   
则将hello-world目录下的文件压缩成zip文件，但不包括隐藏文件，除非改写成下面这样，则包含隐藏文件
zip -r hello-world.zip hello-world/* hello-world/.[^.]*
或者删除最后的/*, 也是包含隐藏文件的：
zip -r hello-world.zip hello-world

# zip -P 123456 test.zip test.txt
-P 123456 是加密密码
test.zip 是生成的压缩文件
test.txt 是被压缩的文件

使用zip格式打包文件
    -r 递归，将指定目录下的所有文件和子目录一并处理
    -S 包含系统和隐藏文件
    -y 直接保存符号连接，而非该连接所指向的文件
    -X 不保存额外的文件属性
    -m 将文件压缩并加入压缩文件后，删除源文件
    -<压缩级别> 1~9，数字越大，压缩率越高
    -F 尝试修复已损坏的压缩文件
    -T 检查备份文件内的每个文件是否正确无误
    -q 不显示指令执行过程
    -g 将文件压缩后附加在既有的压缩文件之后，而非另行建立新的压缩文件
    -u 更新压缩包内文件
    -f 更新压缩包内文件。如果符合条件的文件没有包含在压缩包中，则压缩后添加
    -$ 保存第一个被压缩文件所在磁盘的卷标
    -j 只保存文件名称及其内容
    -D 压缩文件内不建立目录名称
    -i <表达式> 压缩目录时，只压缩符合条件的文件
    -x <表达式> 排除符合条件的文件
    -n <文件名后缀> 排除指定文件名后缀的文件
    -b <缓存路径> 指定临时文件目录
    -d <表达式> 从压缩文件内删除指定的文件
    -t <日期时间> 把压缩文件的日期设成指定的日期
    -o 以压缩文件内拥有最新更改时间的文件为准，将压缩文件的更改时间设成和该文件相同
    -A 调整可执行的自动解压缩文件
    -c 替每个被压缩的文件加上注释
    -z 替压缩文件加上注释
    -k 使用MS-DOS兼容格式的文件名称。
    -l 压缩文件时，把LF字符置换成LF+CR字符。
    -ll 压缩文件时，把LF+CR字符置换成LF字符。

# 不解压zip、7z文件，查看文件内容, unzip查看目录结构(不解开压缩文件)：
~$ unzip -l export_20210501_1854.zip
~$ 7z l ****.7z 

# tar查看目录结构(不解开压缩文件), 仅仅查看tar.gz 文件，目录结构，不解压文件：
只查看目录结构：
 tar -tvf  sns.tar.gz | grep ^d
查看文件列表（包含路径）：
tar -tf sns.tar.gz

5、解压出现乱码
在ubuntu中如果解压zip包出现中文乱码，
可以 sudo apt-get install unar 安装unar(注意不是unrar)这个软件，然后 unar xxx.zip
或者 unar -e GB18030 xxx.zip 即可！
unar默认是解压到当前文件夹，也可以解压到指定文件夹：
gswewf@gswewf-pc:~$ unar 成语故事全集1-50集.zip -o chengyu
解压到指定文件夹‘chengyu’

在ubuntu中如果解压zip包出现中文乱码，可以 sudo apt-get install unar 安装unar(注意不是unrar)这个软件，然后 unar xxx.zip或者 unar -e GB18030 xxx.zip 即可！

# 批量解压（将当前目录下面的zip文件解压到目录`/home/gswewf/下载`中）：
gswewf@gswewf-pc:/media/gswewf/B898E1E298E19F5E/$ ls *.zip |xargs -n1 unar -e GB18030 -o /home/gswewf/下载/
# 其中这里的-n1是数字的1，不是字母l。
这个xagrs的-n1参数是什么意思呢？
n1应该是指每次只传递一个参数给args命令；如下脚本对比，非常能说明问题：
echo "1 2 3 4"|xargs -n1
1
2
3
4
echo "1 2 3 4"|xargs -n2
1 2
3 4

这样，若加n1参数，则*.tar.gz会拆成每个tar.gz文件后，一个一个传给tar tvfz命令

6、tar解压到指定目录
gswewf@gswewf-pc:~/yhb$ tar -xzvf /home/gswewf/Downloads/jar.tar.gz -C /home/gswewf/yhb/jar
gswewf@gswewf-pc:~/gow69/shell$ tar -xzvf 360热点.tar.gz #将当前目录下面的压缩包“360热点.tar.gz"解压到当前目录中。
tar -zxvf japan.tar.gz -C /tmp/ 解压到指定目录 /tmp/
tar -xf 360热点.tar ##将压缩文件“360热点.tar”解压到同目录下的“360热点”文件夹中，其目录结构不变

在ubuntu下解压.tar.gz文件时，出现了：
  gzip: stdin: not in gzip format
  tar: Child returned status 1
  tar: Error exit delayed from previous errors 
解决办法：
 tar -xf  filename.tar.gz
或者tar -xvf filename.tar.gz
都能够解压成功。

下面是选项的含义：
bz2格式用j
gz格式用z
c是创建
x是解压缩
v是详细信息
f是指定文件

7、压缩成tar.gz文件
gswewf@gswewf-pc:~/服务器上的文件$ tar -czvf /home/gswewf/服务器上的文件/360热点.tar.gz 360热点/  #将当前目录下的“360热点”文件夹 压缩成‘/home/gswewf/服务器上的文件/360热点.tar.gz’

# 将当前目录及其子目录，指定后缀为sql的文件压缩成：backup.tar.gz (注意：使用xargs，当文件太多时候，可能出现因为参数截断导致压缩文件不全)
~$ find . -type f -name "*.sql" |xargs tar zcvf backup.tar.gz
# 将当前目录及其子目录，指定后缀为sql或sh的文件压缩成：backup.tar.gz
~$ find . -type f -name "*.sql" -or -name "*.sh" |xargs tar zcvf backup.tar.gz
# 将当前目录及其子目录，指定后缀为sql或sh的文件压缩成：backup.tar.gz, 文件中含有空格问题：
~$ find . -type f \( -name "*.sql" -or -name "*.sh" \) -print0 |xargs -0 tar zcvf backup.tar.gz
# print选项使用\n(换行符)分隔输出的每个文件或目录名。而-print0选项则使用空字符 '\0’来分隔。-print0的主要用法是将包含换行符或空白字符的文件名传给xargs命令
# -print0：告诉find命令，在输出文件名之后，跟上NULL字符，而不是换行符；-0：告诉xargs，以NULL作为参数分隔符；
# 排除文件名包含"ipynb_checkpoints"进行打包压缩(注意，此时仅仅能排除文件名中的，并不能排除文件目录中的)：
~$ find . -type f \( \( -not -name "*ipynb_checkpoints*" \) -and \( -name "*.sql" -or -name "*.sh" -or -name "*.ipynb" \) \) -print0 |xargs -0 tar zcvf backup.tar.gz
# 排除文件名或目录中包含：
~$ find . -type f \( -name "*.sql" -or -name "*.sh" -or -name "*.ipynb" \)  -print0 |grep --null-data -v  "/.ipynb_checkpoints/" |xargs -0 tar zcvf backup.tar.gz
# grep -z, --null-data 匹配数据时，以“0 ”作为结尾，而非换行符

# 从文件中读取文件路径，并压缩：
cat pathfile.txt|xargs tar zcvf abc.tar.gz
这个执行下来没有报错，但是 abc.tar.gz 中并没有包含全部的文件：
Linux 有个系统参数，用来控制命令行下参数的长度（包含环境数据），这个参数是 ARG_MAX ，如 131072 (bytes) ：
$ getconf ARG_MAX
131072
凡是超过 131072 bytes 长度的参数都会被截断， * 分批 * 传给 xargs 后面的参数。
第二批参数列表产生的压缩包把第一批参数列表产生的压缩包覆盖掉了，第三批又把第二批覆盖掉了。
实际上只有最后一次传进来的参数被打进了压缩包中。
解决办法：
先追加打包所有文件，再压缩；
当然也可以从文件pathfile.txt中读取待压缩文件路径，再压缩成文件：tarball.tar.gz
tar -zcv -T pathfile.txt -f tarball.tar.gz

问题：
tar -czvf compress_file.tar.gz $(cat file_list.txt)
-bash: /bin/tar: Argument list too long
文件数太长，该如何解决?
解决方法同样是使用"-T"选项将文件传递到包含tar的文件名的tar.
tar -zcv -T file_list.txt -f tarball.tar.gz

8、7z解压缩
yum install p7zip p7zip-plugins
7z x 360热点.7z  #将压缩文件“360热点.7z”解压到同目录下的“360热点”文件夹中，其目录结构不变
7z e 360热点.7z  #将压缩文件“360热点.7z”中的所有目录及文件，解压到同目录下的文件夹中。
将filename.7z解压到当前目录
7z x filename.7z -r -o./
将当前目录下的所有文件压缩成test.7z文件
7z a -t7z -r test.7z ./*

常用的7z命令如下：
d 从压缩文件中删除文件
e 从压缩文件中解压缩文件，不包含目录结构
l 列出压缩包中的内容
t 测试压缩文件
u更新文件到压缩文件
x从压缩文件中解压缩，包含目录结构
-o   是指定解压到的目录，-o后是没有空格的，直接接目录。这一点需要注意。
a    代表添加文件／文件夹到压缩包
-r   表示递归所有的子文件夹
=====================================
9、gzip解压缩
压缩：gzip filename
解压：gunzip filename.gz
默认情况下，解压缩都不保留源文件，若需要保留源文件，需要用-c参数；
-c或--stdout或--to-stdout：把解压后的文件输出到标准输出设备。 

Linux压缩保留源文件的方法： 
gzip –c filename > filename.gz 
Linux解压缩保留源文件的方法： 
gunzip –c filename.gz > filename 

压缩保留源文件的方法： 
gzip –c filename > filename.gz 
解压缩保留源文件的方法： 
gunzip –c filename.gz > filename 

10、xz 压缩、解压
xz压缩文件方法或命令
xz -z 要压缩的文件

如果要保留被压缩的文件加上参数 -k ，如果要设置压缩率加入参数 -0 到 -9调节压缩率。如果不设置，默认压缩等级是6.
xz解压文件方法或命令
xz -d 要解压的文件
同样使用 -k 参数来保留被解压缩的文件。
解压到当前目录并保留原压缩文件,如：
gswyhq@gswyhq-PC:~$ xz -dk full_test.csv.xz 

创建或解压tar.xz文件的方法
习惯了 tar czvf 或 tar xzvf 的人可能碰到 tar.xz也会想用单一命令搞定解压或压缩。其实不行 tar里面没有征对xz格式的参数比如 z是针对 gzip，j是针对 bzip2。
创建tar.xz文件：只要先 tar cvf xxx.tar xxx/ 这样创建xxx.tar文件先，然后使用 xz -z xxx.tar 来将 xxx.tar压缩成为 xxx.tar.xz
解压tar.xz文件：先 xz -d xxx.tar.xz 将 xxx.tar.xz解压成 xxx.tar 然后，再用 tar xvf xxx.tar来解包。

tar
-c: 建立压缩档案
-x：解压
-t：查看内容
-r：向压缩归档文件末尾追加文件
-u：更新原压缩包中的文件

这五个是独立的命令，压缩解压都要用到其中一个，可以和别的命令连用但只能用其中一个。下面的参数是根据需要在压缩或解压档案时可选的。

-z：有gzip属性的
-j：有bz2属性的
-Z：有compress属性的
-v：显示所有过程
-O：将文件解开到标准输出

下面的参数-f是必须的

-f: 使用档案名字，切记，这个参数是最后一个参数，后面只能接档案名。

# tar -cf all.tar *.jpg 
这条命令是将所有.jpg的文件打成一个名为all.tar的包。-c是表示产生新的包，-f指定包的文件名。 

# tar -rf all.tar *.gif 
这条命令是将所有.gif的文件增加到all.tar的包里面去。-r是表示增加文件的意思。 

# tar -uf all.tar logo.gif 
这条命令是更新原来tar包all.tar中logo.gif文件，-u是表示更新文件的意思。 

# tar -tf all.tar 
这条命令是列出all.tar包中所有文件，-t是列出文件的意思 

# tar -xf all.tar 
这条命令是解出all.tar包中所有文件，-x是解开的意思 

压缩
tar –cvf jpg.tar *.jpg //将目录里所有jpg文件打包成tar.jpg
tar –czf jpg.tar.gz *.jpg   //将目录里所有jpg文件打包成jpg.tar后，并且将其用gzip压缩，生成一个gzip压缩过的包，命名为jpg.tar.gz
tar –cjf jpg.tar.bz2 *.jpg //将目录里所有jpg文件打包成jpg.tar后，并且将其用bzip2压缩，生成一个bzip2压缩过的包，命名为jpg.tar.bz2
tar –cZf jpg.tar.Z *.jpg   //将目录里所有jpg文件打包成jpg.tar后，并且将其用compress压缩，生成一个umcompress压缩过的包，命名为jpg.tar.Z
rar a jpg.rar *.jpg //rar格式的压缩，需要先下载rar for Linux
zip jpg.zip *.jpg //zip格式的压缩，需要先下载zip for linux

解压
tar –xvf file.tar //解压 tar包
tar -xzvf file.tar.gz //解压tar.gz
tar -xjvf file.tar.bz2   //解压 tar.bz2
tar –xZvf file.tar.Z   //解压tar.Z
unrar e file.rar //解压rar
unzip file.zip //解压zip

Linux服务器使用tar加密压缩文件
使用tar命令进行加密压缩时需要和OpenSSL进行结合

tar加密压缩命令如下：
tar -zcf  - filename  |openssl des3 -salt -k passwd | dd of=filename.des3
filename你要打包的文件、或目录名
-k可以不使用,-k参数后跟密码表示自动验证密码,不使用则需要手动输入密码
passwd加密的密码
filename.des3输出的文件名

tar加密文件解压命令：
dd if=filename.des3 |openssl des3 -d -k passwd | tar zxf -
最后的 “-” 表示释放所有文件

# 问题：tar解密时候出现错误：
140654076405056:error:06065064:digital envelope routines:EVP_DecryptFinal_ex:bad decrypt:../crypto/evp/evp_enc.c:610:
可能是因为加密、解密环境openssl的版本不一致所致；
如加密环境~$ openssl version
OpenSSL 1.0.2g  1 Mar 2016
解密环境~# openssl version
OpenSSL 1.1.1f  31 Mar 2020
因为在Openssl 1.1中将默认摘要从MD5更改为SHA256
这时可将解压命令由：
root@4134f30f7430:~# dd if=20230531.tar.gz |openssl des3 -d -k 12345|tar zxvf -
更改为：
root@4134f30f7430:~# dd if=20230531.tar.gz |openssl des3 -md md5 -d -k 12345|tar zxvf -
使用-md md5 强制使用相同的摘要；
总之：
在1.1.0中添加" -md md5"以解密较低版本的数据，并且
在较低版本中添加" -md sha256"以从1.1.0解密数据

bzip2
　　bzip2是采用更好压缩算法的压缩程序，一般可以提供较之gzip更好的压缩效果。其具有与gzip相似的指令选项，压缩产生 .bz2 后缀的压缩文件。
　　bzip2的常用指令选项如下：
　　基础格式: bzip2 [Options] file1 file2 file3
　　指令选项：(默认功能为压缩)
　　-c　　　　　　　//将输出写至标准输出
　　-d　　　　　　　//进行解压操作
　　-v　　　　　　　//输出压缩/解压的文件名和压缩比等信息
　　-k　　　　　　　//在压缩/解压过程中保留原文件, bzip2在压缩或解压的过程默认会删除源文件
　　-digit　　　　 //digit部分为数字(1-9)，代表压缩速度，digit越小，则压缩速度越快，但压缩效果越差，digit越大，则压缩速度越慢，压缩效果越好。默认为6.
　　　　bzip2 exp1.txt exp2.txt　　　　   //分别将exp1.txt和exp2.txt压缩，且不保留原文件。
　　　　bzip2 -dv exp1.bz2　　　　　　 //将exp1.bz2解压，并显示压缩比等信息。
　　　　bzip2 -kd exp1.bz2 　　　　　　  //将exp1.bz2解压，并且原压缩文件exp1.bz2不会消失
        bzip2 -k sgns.target.word-character.char1-1.dynwin5.thr10.neg5.dim300.iter5 对文件进行压缩成bz2文件，并保留源文件
　　注：对应于 bzip2，可以使用 bunzip2 进行解压操作，效果类似bunzip2 -d xx，同时可以使用bzcat读取压缩文件的内容并显示在标准输出，功能类似于 bzip2 -c xx.

# 对于.bz2结尾的文件进行解压（若无-k参数会删除原bz2文件）
# bzip2 -d all.bz2
# bunzip2 all.bz2

# 压缩成bz2文件，并保留源文件
# gswyhq@gswyhq-pc:~/data/word-vectors$ bzip2 -k sgns.target.word-character.char1-1.dynwin5.thr10.neg5.dim300.iter5


总结
1、*.tar 用 tar –xvf 解压
2、*.gz 用 gzip -d或者gunzip 解压
3、*.tar.gz和*.tgz 用 tar –xzf 解压
4、*.bz2 用 bzip2 -d或者用bunzip2 解压
5、*.tar.bz2用tar –xjf 解压
6、*.Z 用 uncompress 解压
7、*.tar.Z 用tar –xZf 解压
8、*.rar 用 unrar e解压
9、*.zip 用 unzip 解压


